Item sellin going from 5 to 1 ==> quality up by 3 (from 0)


items[0] = Backstage passes to a TAFKAL80ETC concert, 4, 3
items[1] = Backstage passes to a TAFKAL80ETC concert, 3, 3
items[2] = Backstage passes to a TAFKAL80ETC concert, 2, 3
items[3] = Backstage passes to a TAFKAL80ETC concert, 1, 3
items[4] = Backstage passes to a TAFKAL80ETC concert, 0, 3
