Item sellin going from 12 to 11 ==> quality up by 1 (from 0)


items[0] = Backstage passes to a TAFKAL80ETC concert, 11, 1
items[1] = Backstage passes to a TAFKAL80ETC concert, 10, 1
