Items[0] = Backstage passes to a TAFKAL80ETC concert, 9, 4
Items[1] = Backstage passes to a TAFKAL80ETC concert, 5, 4
