Items[0] = Backstage passes to a TAFKAL80ETC concert, 4, 3
Items[1] = Backstage passes to a TAFKAL80ETC concert, 0, 3
