Items[0] = Backstage passes to a TAFKAL80ETC concert, 10, 11
Items[1] = Backstage passes to a TAFKAL80ETC concert, 29, 11
