Items[0] = Backstage passes to a TAFKAL80ETC concert, -1, 0
Items[1] = Backstage passes to a TAFKAL80ETC concert, -2, 0
