Items[0] = Aged Brie, 0, 12
Items[1] = Aged Brie, -1, 13
Items[2] = Aged Brie, -2, 13
